// Jest Snapshot v1, https://goo.gl/fbAQLP

exports[`Create Account Page component Tests renders the CreateAccount component correctly 1`] = `ShallowWrapper {}`;
