// Jest Snapshot v1, https://goo.gl/fbAQLP

exports[`Signup component Tests renders the Login component correctly 1`] = `ShallowWrapper {}`;
